---
source: model/src/parse_graphql_model/mod.rs
expression: model

---
V1 {
    entities: Some(
        [
            DatabaseTable {
                name: Some(
                    "Person",
                ),
                sql_schema_name: None,
                sql_table_name: None,
                graphql_entity_type_name: None,
                graphql_filter_type_name: None,
                graphql_get_single_operation_name: None,
                graphql_get_list_operation_name: None,
                graphql_get_connection_operation_name: None,
                graphql_default_order_by: None,
                graphql_default_first: None,
                graphql_default_offset: None,
                fields: Some(
                    [
                        ScalarDatabaseColumn {
                            name: Some(
                                "id",
                            ),
                            nullable: Some(
                                false,
                            ),
                            sql_type: None,
                            sql_column_name: None,
                            graphql_field_name: None,
                            graphql_type_name: Some(
                                "ID",
                            ),
                            graphql_order_by_asc: None,
                            graphql_order_by_desc: None,
                        },
                        ScalarDatabaseColumn {
                            name: Some(
                                "age",
                            ),
                            nullable: Some(
                                true,
                            ),
                            sql_type: Some(
                                Int8,
                            ),
                            sql_column_name: Some(
                                "the_age",
                            ),
                            graphql_field_name: None,
                            graphql_type_name: Some(
                                "Integer",
                            ),
                            graphql_order_by_asc: None,
                            graphql_order_by_desc: None,
                        },
                    ],
                ),
            },
        ],
    ),
}
