---
source: model/src/graphql_model/mod.rs
expression: model

---
Document {
    definitions: [
        TypeDefinition(
            Object(
                ObjectType {
                    position: Pos(2:7),
                    description: None,
                    name: "Person",
                    implements_interfaces: [],
                    directives: [],
                    fields: [
                        Field {
                            position: Pos(3:9),
                            description: None,
                            name: "id",
                            arguments: [],
                            field_type: NamedType(
                                "ID",
                            ),
                            directives: [
                                Directive {
                                    position: Pos(3:16),
                                    name: "id",
                                    arguments: [],
                                },
                            ],
                        },
                        Field {
                            position: Pos(4:9),
                            description: None,
                            name: "age",
                            arguments: [],
                            field_type: NamedType(
                                "Int",
                            ),
                            directives: [],
                        },
                    ],
                },
            ),
        ),
    ],
}
